<p class="xh_fail">The CSV file does not exist. (groups.csv)</p>