<p class="xh_fail">The status of your username is empty.</p>