<p class="xh_fail">User Preferences can't be changed for:jane</p>