<p class="xh_fail">The current username does not exist. ('john')</p>