<!-- register active users -->
<section class="register_active_users">
  <p>Active Users</p>
  <p>
  <span>cmb</span>
  <span>jane</span>
  <span>john</span>
  </p>
</section>
