<p class="xh_fail">The Username could not be found: john</p>