<p class="xh_success">An email has been sent to you with your user data.</p>
