A user account with your email has been registered with following information:

 Full Name: John Dow
 Username: john
 Email: john@example.com
