
<p class="xh_fail">The username 'cmb' does not exist!</p>