
<form class="register_change_password" action="?&amp;action=register_change_password&amp;username=john&amp;time=1637449800&amp;mac=oZkWxkzriULe8-2LimEunYo-ULI" method="post">
  <p>
    <label>
      <span>Password</span>
      <input name="password1" type="password" value="" required>
    </label>
  </p>
  <p>
    <label>
      <span>Confirm Password</span>
      <input name="password2" type="password" value="" required>
    </label>
  </p>
  <p>
    <button>Change</button>
  </p>
</form>
