
<p class="xh_fail">Saving CSV 'groups.csv' file failed!</p>
<h1>Group Administration</h1>
<div class="register_admin_main">
  <form method="post" action="/?register&amp;admin=groups">
        <table>
      <tr>
        <th>Groupname</th>
        <th>Login</th>
        <th><button name="add" value="add">Add</button></th>
      </tr>
      <tr>
        <td><input type="text" size="10" value="admin" name="groupname[0]"></td>
        <td>
          <select name="grouploginpage[0]">
            <option value="">--- NONE ---</option>
            <option value="foo" >Foo</option>
            <option value="bar" >   Bar</option>
          </select>
        </td>
        <td><button name="delete[0]" value="1">Delete</i></td>
      </tr>
      <tr>
        <td><input type="text" size="10" value="guest" name="groupname[1]"></td>
        <td>
          <select name="grouploginpage[1]">
            <option value="">--- NONE ---</option>
            <option value="foo" >Foo</option>
            <option value="bar" >   Bar</option>
          </select>
        </td>
        <td><button name="delete[1]" value="1">Delete</i></td>
      </tr>
    </table>
    <input class="submit" type="submit" value="Save" name="send">
  </form>
</div>
