
<p class="xh_fail">The CSV file 'groups.csv' does not exist!</p>