[0] -> john@example.com
[1] -> =?UTF-8?Q?Your_user_account_at_example.com?=
[2] -> Hello John Dow!

A password reset for the following user account has been requested:

 Full Name: John Dow
 Username: john
 Email: john@example.com

If you did not request a password reset, just ignore this email.
Otherwise click the following link to reset your password:

<http://example.com/?&register_action=reset_password&register_username=john&register_time=1637449200&register_mac=NcNrtHRmTI0mwBMmfxODm-ePZ30>

Sincerely,
The Webmaster

[3] -> From: postmaster@example.com
MIME-Version: 1.0
Content-type: text/plain; charset=UTF-8
