
<h1>Login Error</h1>
<p>You entered a wrong username or password, or your account still is not activated.</p>
