<!-- register user preferences -->
<div class="register_settings">
  <p>To change your password, you also need to enter your old password.</p>
  <form action="/?&amp;function=register_settings&amp;register_action=change_password" method="post">
    <input type="hidden" name="register_token" value="0+pVtDm4xXAxUmA3/mrL">
    <p class="register_field">
      <label>
        <span>Old Password</span>
        <input class="text" name="oldpassword" type="password" value="" required>
      </label>
    </p>
    <p class="register_field">
      <label>
        <span>Password</span>
        <input class="text" name="password1" type="password" value="" required>
      </label>
    </p>
    <p class="register_field">
      <label>
        <span>Confirm Password</span>
        <input class="text" name="password2" type="password" value="" required>
      </label>
    </p>
    <p class="register_buttons">
      <button>Change Password</button>
      <a href="/">Cancel</a>
    </p>
  </form>
</div>
