<!-- register password forgotten -->
<div class="register_password_forgotten">
  <form method="post">
    <p>
      <label>
        <span>Email</span>
        <input class="text" name="email" type="email" value="" required>
      </label>
    </p>
    <p>
      <button class="submit" name="register_action" value="forgot_password">Send</button>
    </p>
  </form>
</div>
