<!-- register dynamic page -->
<h1>Password forgotten</h1>
<p>On this page you can enter your email address to receive an email with your account settings.</p>
<div>{{{registerForgotPassword()}}}</div>
