
<h1>Register</h1>
<p>Newly registered members get the Status &quot;Guest&quot; and can see not more as before. The Status can be changed by admin only.</p>
<div>{{{registerUser()}}}</div>
