[0] -> john@example.com
[1] -> =?UTF-8?Q?Account data for example.com?=
[2] -> A user account with your email has been registered with following information:

 Full Name: John Dow
 Username: john
 Email: john@example.com

[3] -> From: postmaster@example.com
MIME-Version: 1.0
Content-type: text/plain; charset=UTF-8
