<!-- register dynamic page -->
<h1>Access Restricted</h1>
<p>This page is only accessible for members with appropriate permissions.</p>
