[0] -> john@example.com
[1] -> =?UTF-8?Q?Your_user_account_at_example.com?=
[2] -> Hello John Doe!

A user account with your email address has been registered with following information:

  Full Name: John Smith
  Username: js
  Email: john@example.com
  From IP-Address: 127.0.0.1

However, a user account for this email address exists already:

  Full Name: John Doe
  Username: john
  Email: john@example.com

If you forgot your password, click the following link to reset it.
Otherwise ignore this mail.

<http://example.com/?&register_action=register&function=register_password>

Sincerely,
The Webmaster

[3] -> From: postmaster@example.com
Cc: postmaster@example.com
MIME-Version: 1.0
Content-type: text/plain; charset=UTF-8
