[0] -> john@example.com
[1] -> =?UTF-8?Q?Account data for example.com?=
[2] -> A user account with your email address has been registered with following information:

 Full Name: John Dow
 Username: john
 Email: john@example.com

Please click the following link to reset your password:

<http://example.com/?&register_action=reset_password&username=john&time=1637449200&mac=NcNrtHRmTI0mwBMmfxODm-ePZ30>
[3] -> From: postmaster@example.com
MIME-Version: 1.0
Content-type: text/plain; charset=UTF-8
