<p class="xh_fail">The CSV file does not exist. (users.csv)</p>