<!-- register pages -->
<section>
  <h1>Register – Pages</h1>
  <table>
    <thead>
      <tr>
        <th>Pages</th>
        <th>Access Groups</th>
      </tr>
    </thead>
    <tbody>
      <tr>
        <td><a href="/?Start&edit">Start</a></td>
        <td></td>
      </tr>
    </tbody>
      <tr>
        <td>   <a href="/?Start/Sub&edit">Sub</a></td>
        <td>guest</td>
      </tr>
    </tbody>
      <tr>
        <td><a href="/?Second&edit">Second</a></td>
        <td>admin</td>
      </tr>
    </tbody>
  </table>
</section>
