
<p class="xh_fail">Please enter your full name.</p>
<p class="xh_fail">Please choose a Username.</p>
<p class="xh_fail">Please choose a password.</p>
<p class="xh_fail">Please enter your email address.</p>
<form method="post" action="/" target="_self">
  <div class="regi_register">
    <table>
      <tr>
        <td>
          <input type="hidden" name="action" value="register_user">
          Full Name        </td>
        <td colspan="2"><input class="text" name="name" type="text" size="35" value=""></td>
      </tr>
      <tr>
        <td>Username</td>
        <td colspan="2"><input class="text" name="username" type="text" size="10" value=""></td>
      </tr>
      <tr>
        <td>Password</td>
        <td colspan="2"><input class="text" name="password1" type="password" size="10" value=""></td>
      </tr>
      <tr>
        <td>Confirm Password</td>
        <td colspan="2"><input class="text" name="password2" type="password" size="10" value=""></td>
      </tr>
      <tr>
        <td>Email</td>
        <td colspan="2"><input class="text" name="email" type="email" size="35" value=""></td>
      </tr>
      <tr>
        <td colspan="3"><input class="submit" type="submit" value="Register"></td>
      </tr>
    </table>
    <p>The registration maybe need some seconds, please wait for the success message.</p>
  </div>
</form>
