A user account with your email has been registered with following information:

 Full Name: John Smith
 Username: js
 Email: john@example.com
 From IP-Address: 127.0.0.1

However, a user account for this email already exists. Please click the following link if you forgot your account settings:

<http://example.com/?Password-forgotten>