<!-- register logged in area -->
<div class="regi_loggedin_loggedinarea">
  <div class="regi_loggedin_user">Hello Jane Doe!</div>
  <div class="regi_loggedin_loggedin">Logged in</div>
  <div class="regi_loggedin_settings">
    <a href="/?User-Preferences" title="User Preferences">
      User Preferences    </a>
  </div>
  <div class="regi_loggedin_logout">
    <a href="/?&amp;function=registerlogout" title="Logout">
      Logout    </a>
  </div>
  <div style="clear: both;"></div>
</div>
