
<form action="./?SomePage" method="post" id="register">
  <p>
    <div class="pl_tooltip">
      <img src="../../assets/css/help_icon.png" alt="Question mark">
      <div>A comma separated list of user groups which have access to this page. Leave empty to grant access to everybody, including visitors.</div>
    </div>
    <label>
      Access Groups<br/>
      <input name="register_access" value="cmb">
    </label>
  </p>
  <input name="save_page_data" type="hidden">
  <p>
    <button>Submit</button>
  </p>
</form>
