
<h1>Register_XH 2.0-dev</h1>
<div class="register_syscheck">
  <h2>System check</h2>
  <p class="xh_success">Checking that PHP version ≥ 7.0.2 … okay</p>
  <p class="xh_success">Checking that the PHP extension 'hash' is loaded … okay</p>
  <p class="xh_success">Checking that the PHP extension 'session' is loaded … okay</p>
  <p class="xh_success">Checking that CMSimple_XH version ≥ 1.7.0 … okay</p>
  <p class="xh_success">Checking that 'register/css/' is writable … okay</p>
  <p class="xh_success">Checking that 'register/config/' is writable … okay</p>
  <p class="xh_success">Checking that 'register/languages/' is writable … okay</p>
  <p class="xh_success">Checking that '' is writable … okay</p>
</div>
