<p class="xh_fail">This page is only accessible for members with appropriate permissions.</p>
