<!-- register login form -->
<div class="register_login">
  <form method="post">
    <input type="hidden" name="function" value="registerlogin">
    <p class="register_field">
      <label>
        <span>Username</span>
        <input name="username">
    </p>
    <p class="register_field">
      <label>
        <span>Password</span>
        <input type="password" name="password">
      </label>
    </p>
    <p class="register_buttons">
      <button name="login">Login</button>
      <label>
        <input type="checkbox" name="remember">
        <span>Remember User</span>
      </label>
    </p>
    <p class="register_links">
      <a href="/?Password-forgotten">Password forgotten</a>
      <a href="/?Register">Register</a>
    </p>
  </form>
</div>
