<p class="xh_fail">User Preferences for 'jane' can't be changed!</p>
