<section class="register_admin">
<h1>Register â€“ Users</h1>
<!-- register admin change password -->
<form method="post">
  <input type="hidden" name="xh_csrf_token" value="f7302cf6675b89edab0d716efdbbfdab">  <p>
    <label>
      <span>Username</span>
      <input value="jane" disabled>
    </label>
  </p>
  <p>
    <label>
      <span>Password</span>
      <input type="password" autocomplete="new-password" name="password1" value="" required>
    </label>
  </p>
  <p>
    <label>
      <span>Confirm Password</span>
      <input type="password" name="password2" value="" required>
    </label>
  </p>
  <p>
    <button name="action" value="do_change_password">Change Password</button>
  </p>
</form>
</section>
