
<p class="xh_fail">Error for user 'cmb':</p>
<p class="xh_fail">The chosen username exists already.</p>
<p class="xh_fail">A user with the given email address exists already.</p>
<h1>User Administration</h1>
<div class="register_admin_main">
  <table>
    <tr id="register_user_template" style="display: none">
      <td><button title="Delete User" onclick="register.removeRow(this); return false">Delete</button></td>
      <td><input type="text" value="" name="name[]"></td>
      <td><input type="text" value="guest" name="accessgroups[]"></td>
      <td><select name="status[]"><option value="activated" selected="selected">activated</option><option value="locked">locked</option><option value="">deactivated</option></select></td>
    </tr>
    <tr style="display: none">
      <td></td>
      <td><input type="text" value="" name="username[]"></td>
      <td><input type="email" value="" name="email[]"></td>
      <td>
        <button onclick="register.changePassword(this.nextElementSibling); return false">Change Password...</button>
        <input type="hidden" value="" name="password[]">
        <input type="hidden" value="" name="oldpassword[]">
      </td>
    </tr>
  </table>
  <div>
    <button onclick="register.addRow()">Add User</button>
    <input id="register_toggle_details" type="checkbox" onclick="register.toggleDetails()" style="padding-left: 1em">
    <label for="register_toggle_details">Details</label>
    <select id="register_group_selectbox" title="Filter by access group">
      <option value="">All</option>
      <option value="users">users</option>
    </select>
  </div>
  <form id="register_user_form" method="post" action="/?register">
    <input type="hidden" value="saveusers" name="action">
    <input type="hidden" value="plugin_main" name="admin">
        <table id="register_user_table">
      <tr>
        <th></th>
        <th class="register_sort" onclick="register.sort(this, 'name')" style="cursor: pointer">Full Name</th>
        <th class="register_sort" onclick="register.sort(this, 'accessgroups')" style="cursor: pointer">Access Groups</th>
        <th class="register_sort" onclick="register.sort(this, 'status')" style="cursor: pointer">Status</th>
      </tr>
      <tr class="register_second_row">
        <th></th>
        <th class="register_sort" onclick="register.sort(this, 'username')" style="cursor: pointer">Username</th>
        <th class="register_sort" onclick="register.sort(this, 'email')" style="cursor: pointer">Email</th>
        <th>Password</th>
      </tr>
      <tr id="register_user_0">
        <td><button title="Delete User" onclick="register.removeRow(this); return false">Delete</button></td>
        <td><input type="text" value="Christoph Becker" name="name[0]"></td>
        <td><input type="text" value="users" name="accessgroups[0]"></td>
        <td><select name="status[0]"><option value="activated" selected="selected">activated</option><option value="locked">locked</option><option value="">deactivated</option></select></td>
      </tr>
      <tr class="register_second_row">
        <td><button type="button" onclick="register.mailTo(this)" title="Email">Mail</i></button></td>
        <td><input type="text" value="cmb" name="username[0]"></td>
        <td><input type="email" value="cmb@example.com" name="email[0]"></td>
        <td>
          <button onclick="register.changePassword(this.nextElementSibling); return false">Change Password...</button>
          <input type="hidden" value="pw1" name="password[0]">
          <input type="hidden" value="pw1" name="oldpassword[0]">
        </td>
      </tr>
      <tr id="register_user_1">
        <td><button title="Delete User" onclick="register.removeRow(this); return false">Delete</button></td>
        <td><input type="text" value="Christoph Becker" name="name[1]"></td>
        <td><input type="text" value="users" name="accessgroups[1]"></td>
        <td><select name="status[1]"><option value="activated" selected="selected">activated</option><option value="locked">locked</option><option value="">deactivated</option></select></td>
      </tr>
      <tr class="register_second_row">
        <td><button type="button" onclick="register.mailTo(this)" title="Email">Mail</i></button></td>
        <td><input type="text" value="cmb" name="username[1]"></td>
        <td><input type="email" value="cmb@example.com" name="email[1]"></td>
        <td>
          <button onclick="register.changePassword(this.nextElementSibling); return false">Change Password...</button>
          <input type="hidden" value="pw2" name="password[1]">
          <input type="hidden" value="pw2" name="oldpassword[1]">
        </td>
      </tr>
    </table>
    <input class="submit" type="submit" value="Save" name="send">
  </form>
</div>
<script type="text/javascript">register.init()</script>
