[
    "jane@example.com",
    "subject",
    "message",
    [
        "From: postmaster@example.com"
    ]
]