[0] -> jane@example.com
[1] -> =?UTF-8?Q?subject?=
[2] -> message
[3] -> From: postmaster@example.com
MIME-Version: 1.0
Content-type: text/plain; charset=UTF-8
