<p class="xh_success">Your account information has been updated and sent to you via email.</p>