<!-- register logged in area -->
<div class="register_loggedin">
  <p class="register_welcome">Hello Christoph Becker!</p>
  <p class="register_links">
    <a href="/?Register&amp;register_action=logout">Logout</a>
  </p>
</div>
