<section class="register_admin">
<h1>Register â€“ Users</h1>
<!-- register admin email -->
<form method="post">
  <input type="hidden" name="register_token" value="0+pVtDm4xXAxUmA3/mrL">
  <p>
    <label>
      <span>Email</span>
      <input type="email" value="jane@example.com" disabled>
    </label>
  </p>
  <p>
    <label>
      <span>Subject</span>
      <input name="subject" value="">
    </label>
  </p>
  <p>
    <label>
      <span>Message</span>
      <textarea name="message" rows="10" cols="50"></textarea>
    </label>
  </p>
  <p>
    <button name="action" value="do_mail">Send</button>
  </p>
</form>
</section>
