
<script type="text/javascript" src="./admin.min.js"></script>
<meta name="register_texts" content='{"name":"Full Name","username":"Username","password":"Password","email":"Email","accessgroups":"Access Groups","status":"Status","prefsemailsubject":"Account data changed for","confirmLeave":"Unsaved changes will be lost!","newPassword":"New Password (may contain only alphanumeric characters and underscores):","tooManyUsers":"There are too many users!"}'>
<meta name="register_max_number_of_users" content="142">